[   43722ms] [WARNING] Unknown option 'className' @ D:/AI/trae/siyuan-plugin-task-horizon/src/fullcalendar/fullcalendar.global.js:5
[   43723ms] [WARNING] Unknown option 'viewClass' @ D:/AI/trae/siyuan-plugin-task-horizon/src/fullcalendar/fullcalendar.global.js:5
[   43723ms] [WARNING] Unknown option 'toolbarClass' @ D:/AI/trae/siyuan-plugin-task-horizon/src/fullcalendar/fullcalendar.global.js:5
[   43723ms] [WARNING] Unknown option 'headerToolbarClass' @ D:/AI/trae/siyuan-plugin-task-horizon/src/fullcalendar/fullcalendar.global.js:5
[   43723ms] [WARNING] Unknown option 'footerToolbarClass' @ D:/AI/trae/siyuan-plugin-task-horizon/src/fullcalendar/fullcalendar.global.js:5
[   43723ms] [WARNING] Unknown option 'toolbarSectionClass' @ D:/AI/trae/siyuan-plugin-task-horizon/src/fullcalendar/fullcalendar.global.js:5
[   43723ms] [WARNING] Unknown option 'toolbarTitleClass' @ D:/AI/trae/siyuan-plugin-task-horizon/src/fullcalendar/fullcalendar.global.js:5
[   43723ms] [WARNING] Unknown option 'buttonGroupClass' @ D:/AI/trae/siyuan-plugin-task-horizon/src/fullcalendar/fullcalendar.global.js:5
[   43723ms] [WARNING] Unknown option 'buttonClass' @ D:/AI/trae/siyuan-plugin-task-horizon/src/fullcalendar/fullcalendar.global.js:5
[   43723ms] [WARNING] Unknown option 'buttons' @ D:/AI/trae/siyuan-plugin-task-horizon/src/fullcalendar/fullcalendar.global.js:5
[   43723ms] [WARNING] Unknown option 'eventContrastColor' @ D:/AI/trae/siyuan-plugin-task-horizon/src/fullcalendar/fullcalendar.global.js:5
[   43723ms] [WARNING] Unknown option 'eventClass' @ D:/AI/trae/siyuan-plugin-task-horizon/src/fullcalendar/fullcalendar.global.js:5
[   43723ms] [WARNING] Unknown option 'backgroundEventColor' @ D:/AI/trae/siyuan-plugin-task-horizon/src/fullcalendar/fullcalendar.global.js:5
[   43723ms] [WARNING] Unknown option 'backgroundEventClass' @ D:/AI/trae/siyuan-plugin-task-horizon/src/fullcalendar/fullcalendar.global.js:5
[   43723ms] [WARNING] Unknown option 'backgroundEventTitleClass' @ D:/AI/trae/siyuan-plugin-task-horizon/src/fullcalendar/fullcalendar.global.js:5
[   43723ms] [WARNING] Unknown option 'listItemEventClass' @ D:/AI/trae/siyuan-plugin-task-horizon/src/fullcalendar/fullcalendar.global.js:5
[   43723ms] [WARNING] Unknown option 'listItemEventInnerClass' @ D:/AI/trae/siyuan-plugin-task-horizon/src/fullcalendar/fullcalendar.global.js:5
[   43723ms] [WARNING] Unknown option 'blockEventClass' @ D:/AI/trae/siyuan-plugin-task-horizon/src/fullcalendar/fullcalendar.global.js:5
[   43723ms] [WARNING] Unknown option 'blockEventTimeClass' @ D:/AI/trae/siyuan-plugin-task-horizon/src/fullcalendar/fullcalendar.global.js:5
[   43723ms] [WARNING] Unknown option 'blockEventTitleClass' @ D:/AI/trae/siyuan-plugin-task-horizon/src/fullcalendar/fullcalendar.global.js:5
[   43723ms] [WARNING] Unknown option 'rowEventClass' @ D:/AI/trae/siyuan-plugin-task-horizon/src/fullcalendar/fullcalendar.global.js:5
[   43723ms] [WARNING] Unknown option 'rowEventBeforeClass' @ D:/AI/trae/siyuan-plugin-task-horizon/src/fullcalendar/fullcalendar.global.js:5
[   43723ms] [WARNING] Unknown option 'rowEventAfterClass' @ D:/AI/trae/siyuan-plugin-task-horizon/src/fullcalendar/fullcalendar.global.js:5
[   43723ms] [WARNING] Unknown option 'rowEventInnerClass' @ D:/AI/trae/siyuan-plugin-task-horizon/src/fullcalendar/fullcalendar.global.js:5
[   43723ms] [WARNING] Unknown option 'rowEventTimeClass' @ D:/AI/trae/siyuan-plugin-task-horizon/src/fullcalendar/fullcalendar.global.js:5
[   43723ms] [WARNING] Unknown option 'rowEventTitleClass' @ D:/AI/trae/siyuan-plugin-task-horizon/src/fullcalendar/fullcalendar.global.js:5
[   43723ms] [WARNING] Unknown option 'columnEventClass' @ D:/AI/trae/siyuan-plugin-task-horizon/src/fullcalendar/fullcalendar.global.js:5
[   43723ms] [WARNING] Unknown option 'columnEventBeforeClass' @ D:/AI/trae/siyuan-plugin-task-horizon/src/fullcalendar/fullcalendar.global.js:5
[   43723ms] [WARNING] Unknown option 'columnEventAfterClass' @ D:/AI/trae/siyuan-plugin-task-horizon/src/fullcalendar/fullcalendar.global.js:5
[   43723ms] [WARNING] Unknown option 'columnEventInnerClass' @ D:/AI/trae/siyuan-plugin-task-horizon/src/fullcalendar/fullcalendar.global.js:5
[   43723ms] [WARNING] Unknown option 'columnEventTimeClass' @ D:/AI/trae/siyuan-plugin-task-horizon/src/fullcalendar/fullcalendar.global.js:5
[   43723ms] [WARNING] Unknown option 'columnEventTitleClass' @ D:/AI/trae/siyuan-plugin-task-horizon/src/fullcalendar/fullcalendar.global.js:5
[   43723ms] [WARNING] Unknown option 'moreLinkClass' @ D:/AI/trae/siyuan-plugin-task-horizon/src/fullcalendar/fullcalendar.global.js:5
[   43723ms] [WARNING] Unknown option 'moreLinkInnerClass' @ D:/AI/trae/siyuan-plugin-task-horizon/src/fullcalendar/fullcalendar.global.js:5
[   43723ms] [WARNING] Unknown option 'columnMoreLinkClass' @ D:/AI/trae/siyuan-plugin-task-horizon/src/fullcalendar/fullcalendar.global.js:5
[   43723ms] [WARNING] Unknown option 'columnMoreLinkInnerClass' @ D:/AI/trae/siyuan-plugin-task-horizon/src/fullcalendar/fullcalendar.global.js:5
[   43724ms] [WARNING] Unknown option 'dayHeaderAlign' @ D:/AI/trae/siyuan-plugin-task-horizon/src/fullcalendar/fullcalendar.global.js:5
[   43724ms] [WARNING] Unknown option 'dayHeaderClass' @ D:/AI/trae/siyuan-plugin-task-horizon/src/fullcalendar/fullcalendar.global.js:5
[   43724ms] [WARNING] Unknown option 'dayHeaderInnerClass' @ D:/AI/trae/siyuan-plugin-task-horizon/src/fullcalendar/fullcalendar.global.js:5
[   43724ms] [WARNING] Unknown option 'dayCellClass' @ D:/AI/trae/siyuan-plugin-task-horizon/src/fullcalendar/fullcalendar.global.js:5
[   43724ms] [WARNING] Unknown option 'dayCellTopClass' @ D:/AI/trae/siyuan-plugin-task-horizon/src/fullcalendar/fullcalendar.global.js:5
[   43724ms] [WARNING] Unknown option 'dayCellTopInnerClass' @ D:/AI/trae/siyuan-plugin-task-horizon/src/fullcalendar/fullcalendar.global.js:5
[   43724ms] [WARNING] Unknown option 'dayCellInnerClass' @ D:/AI/trae/siyuan-plugin-task-horizon/src/fullcalendar/fullcalendar.global.js:5
[   43724ms] [WARNING] Unknown option 'popoverFormat' @ D:/AI/trae/siyuan-plugin-task-horizon/src/fullcalendar/fullcalendar.global.js:5
[   43724ms] [WARNING] Unknown option 'popoverClass' @ D:/AI/trae/siyuan-plugin-task-horizon/src/fullcalendar/fullcalendar.global.js:5
[   43724ms] [WARNING] Unknown option 'popoverCloseClass' @ D:/AI/trae/siyuan-plugin-task-horizon/src/fullcalendar/fullcalendar.global.js:5
[   43724ms] [WARNING] Unknown option 'popoverCloseContent' @ D:/AI/trae/siyuan-plugin-task-horizon/src/fullcalendar/fullcalendar.global.js:5
[   43724ms] [WARNING] Unknown option 'dayLaneClass' @ D:/AI/trae/siyuan-plugin-task-horizon/src/fullcalendar/fullcalendar.global.js:5
[   43724ms] [WARNING] Unknown option 'dayLaneInnerClass' @ D:/AI/trae/siyuan-plugin-task-horizon/src/fullcalendar/fullcalendar.global.js:5
[   43724ms] [WARNING] Unknown option 'slotLaneClass' @ D:/AI/trae/siyuan-plugin-task-horizon/src/fullcalendar/fullcalendar.global.js:5
[   43724ms] [WARNING] Unknown option 'listDayClass' @ D:/AI/trae/siyuan-plugin-task-horizon/src/fullcalendar/fullcalendar.global.js:5
[   43724ms] [WARNING] Unknown option 'listDayHeaderClass' @ D:/AI/trae/siyuan-plugin-task-horizon/src/fullcalendar/fullcalendar.global.js:5
[   43724ms] [WARNING] Unknown option 'listDayHeaderInnerClass' @ D:/AI/trae/siyuan-plugin-task-horizon/src/fullcalendar/fullcalendar.global.js:5
[   43724ms] [WARNING] Unknown option 'listDayBodyClass' @ D:/AI/trae/siyuan-plugin-task-horizon/src/fullcalendar/fullcalendar.global.js:5
[   43724ms] [WARNING] Unknown option 'singleMonthClass' @ D:/AI/trae/siyuan-plugin-task-horizon/src/fullcalendar/fullcalendar.global.js:5
[   43724ms] [WARNING] Unknown option 'singleMonthHeaderClass' @ D:/AI/trae/siyuan-plugin-task-horizon/src/fullcalendar/fullcalendar.global.js:5
[   43724ms] [WARNING] Unknown option 'singleMonthHeaderInnerClass' @ D:/AI/trae/siyuan-plugin-task-horizon/src/fullcalendar/fullcalendar.global.js:5
[   43724ms] [WARNING] Unknown option 'tableHeaderClass' @ D:/AI/trae/siyuan-plugin-task-horizon/src/fullcalendar/fullcalendar.global.js:5
[   43724ms] [WARNING] Unknown option 'fillerClass' @ D:/AI/trae/siyuan-plugin-task-horizon/src/fullcalendar/fullcalendar.global.js:5
[   43724ms] [WARNING] Unknown option 'dayNarrowWidth' @ D:/AI/trae/siyuan-plugin-task-horizon/src/fullcalendar/fullcalendar.global.js:5
[   43724ms] [WARNING] Unknown option 'dayHeaderRowClass' @ D:/AI/trae/siyuan-plugin-task-horizon/src/fullcalendar/fullcalendar.global.js:5
[   43724ms] [WARNING] Unknown option 'dayRowClass' @ D:/AI/trae/siyuan-plugin-task-horizon/src/fullcalendar/fullcalendar.global.js:5
[   43724ms] [WARNING] Unknown option 'slotHeaderRowClass' @ D:/AI/trae/siyuan-plugin-task-horizon/src/fullcalendar/fullcalendar.global.js:5
[   43725ms] [WARNING] Unknown option 'slotHeaderClass' @ D:/AI/trae/siyuan-plugin-task-horizon/src/fullcalendar/fullcalendar.global.js:5
[   43725ms] [WARNING] Unknown option 'navLinkClass' @ D:/AI/trae/siyuan-plugin-task-horizon/src/fullcalendar/fullcalendar.global.js:5
[   43725ms] [WARNING] Unknown option 'inlineWeekNumberClass' @ D:/AI/trae/siyuan-plugin-task-horizon/src/fullcalendar/fullcalendar.global.js:5
[   43725ms] [WARNING] Unknown option 'nonBusinessHoursClass' @ D:/AI/trae/siyuan-plugin-task-horizon/src/fullcalendar/fullcalendar.global.js:5
[   43725ms] [WARNING] Unknown option 'highlightClass' @ D:/AI/trae/siyuan-plugin-task-horizon/src/fullcalendar/fullcalendar.global.js:5
[   43725ms] [WARNING] Unknown option 'nowIndicatorLineClass' @ D:/AI/trae/siyuan-plugin-task-horizon/src/fullcalendar/fullcalendar.global.js:5
[   43725ms] [WARNING] Unknown option 'nowIndicatorDotClass' @ D:/AI/trae/siyuan-plugin-task-horizon/src/fullcalendar/fullcalendar.global.js:5
[   43725ms] [WARNING] Unknown option 'resourceDayHeaderClass' @ D:/AI/trae/siyuan-plugin-task-horizon/src/fullcalendar/fullcalendar.global.js:5
[   43725ms] [WARNING] Unknown option 'resourceDayHeaderInnerClass' @ D:/AI/trae/siyuan-plugin-task-horizon/src/fullcalendar/fullcalendar.global.js:5
[   43725ms] [WARNING] Unknown option 'resourceColumnHeaderClass' @ D:/AI/trae/siyuan-plugin-task-horizon/src/fullcalendar/fullcalendar.global.js:5
[   43725ms] [WARNING] Unknown option 'resourceColumnHeaderInnerClass' @ D:/AI/trae/siyuan-plugin-task-horizon/src/fullcalendar/fullcalendar.global.js:5
[   43725ms] [WARNING] Unknown option 'resourceColumnResizerClass' @ D:/AI/trae/siyuan-plugin-task-horizon/src/fullcalendar/fullcalendar.global.js:5
[   43725ms] [WARNING] Unknown option 'resourceGroupHeaderClass' @ D:/AI/trae/siyuan-plugin-task-horizon/src/fullcalendar/fullcalendar.global.js:5
[   43725ms] [WARNING] Unknown option 'resourceGroupHeaderInnerClass' @ D:/AI/trae/siyuan-plugin-task-horizon/src/fullcalendar/fullcalendar.global.js:5
[   43725ms] [WARNING] Unknown option 'resourceCellClass' @ D:/AI/trae/siyuan-plugin-task-horizon/src/fullcalendar/fullcalendar.global.js:5
[   43725ms] [WARNING] Unknown option 'resourceCellInnerClass' @ D:/AI/trae/siyuan-plugin-task-horizon/src/fullcalendar/fullcalendar.global.js:5
[   43725ms] [WARNING] Unknown option 'resourceIndentClass' @ D:/AI/trae/siyuan-plugin-task-horizon/src/fullcalendar/fullcalendar.global.js:5
[   43725ms] [WARNING] Unknown option 'resourceExpanderClass' @ D:/AI/trae/siyuan-plugin-task-horizon/src/fullcalendar/fullcalendar.global.js:5
[   43726ms] [WARNING] Unknown option 'resourceExpanderContent' @ D:/AI/trae/siyuan-plugin-task-horizon/src/fullcalendar/fullcalendar.global.js:5
[   43726ms] [WARNING] Unknown option 'resourceHeaderRowClass' @ D:/AI/trae/siyuan-plugin-task-horizon/src/fullcalendar/fullcalendar.global.js:5
[   43726ms] [WARNING] Unknown option 'resourceRowClass' @ D:/AI/trae/siyuan-plugin-task-horizon/src/fullcalendar/fullcalendar.global.js:5
[   43726ms] [WARNING] Unknown option 'resourceColumnDividerClass' @ D:/AI/trae/siyuan-plugin-task-horizon/src/fullcalendar/fullcalendar.global.js:5
[   43726ms] [WARNING] Unknown option 'resourceGroupLaneClass' @ D:/AI/trae/siyuan-plugin-task-horizon/src/fullcalendar/fullcalendar.global.js:5
[   43726ms] [WARNING] Unknown option 'resourceLaneClass' @ D:/AI/trae/siyuan-plugin-task-horizon/src/fullcalendar/fullcalendar.global.js:5
[   43726ms] [WARNING] Unknown option 'resourceLaneBottomClass' @ D:/AI/trae/siyuan-plugin-task-horizon/src/fullcalendar/fullcalendar.global.js:5
[   43726ms] [WARNING] Unknown option 'timelineBottomClass' @ D:/AI/trae/siyuan-plugin-task-horizon/src/fullcalendar/fullcalendar.global.js:5
[   43727ms] [WARNING] Unknown option 'listItemEventClass' @ D:/AI/trae/siyuan-plugin-task-horizon/src/fullcalendar/fullcalendar.global.js:5
[   43727ms] [WARNING] Unknown option 'listItemEventBeforeClass' @ D:/AI/trae/siyuan-plugin-task-horizon/src/fullcalendar/fullcalendar.global.js:5
[   43727ms] [WARNING] Unknown option 'listItemEventInnerClass' @ D:/AI/trae/siyuan-plugin-task-horizon/src/fullcalendar/fullcalendar.global.js:5
[   43727ms] [WARNING] Unknown option 'listItemEventTimeClass' @ D:/AI/trae/siyuan-plugin-task-horizon/src/fullcalendar/fullcalendar.global.js:5
[   43727ms] [WARNING] Unknown option 'listItemEventTitleClass' @ D:/AI/trae/siyuan-plugin-task-horizon/src/fullcalendar/fullcalendar.global.js:5
[   43728ms] [WARNING] Unknown option 'rowEventClass' @ D:/AI/trae/siyuan-plugin-task-horizon/src/fullcalendar/fullcalendar.global.js:5
[   43728ms] [WARNING] Unknown option 'rowEventInnerClass' @ D:/AI/trae/siyuan-plugin-task-horizon/src/fullcalendar/fullcalendar.global.js:5
[   43728ms] [WARNING] Unknown option 'rowMoreLinkClass' @ D:/AI/trae/siyuan-plugin-task-horizon/src/fullcalendar/fullcalendar.global.js:5
[   43728ms] [WARNING] Unknown option 'rowMoreLinkInnerClass' @ D:/AI/trae/siyuan-plugin-task-horizon/src/fullcalendar/fullcalendar.global.js:5
[   43728ms] [WARNING] Unknown option 'dayHeaderDividerClass' @ D:/AI/trae/siyuan-plugin-task-horizon/src/fullcalendar/fullcalendar.global.js:5
[   43728ms] [WARNING] Unknown option 'dayCellBottomClass' @ D:/AI/trae/siyuan-plugin-task-horizon/src/fullcalendar/fullcalendar.global.js:5
[   43728ms] [WARNING] Unknown option 'backgroundEventInnerClass' @ D:/AI/trae/siyuan-plugin-task-horizon/src/fullcalendar/fullcalendar.global.js:5
[   43756ms] [WARNING] Unknown option 'dayCellBottomClass' @ D:/AI/trae/siyuan-plugin-task-horizon/src/fullcalendar/fullcalendar.global.js:5
[   43756ms] [WARNING] Unknown option 'dayHeaderAlign' @ D:/AI/trae/siyuan-plugin-task-horizon/src/fullcalendar/fullcalendar.global.js:5
[   43757ms] [WARNING] Unknown option 'weekNumberHeaderClass' @ D:/AI/trae/siyuan-plugin-task-horizon/src/fullcalendar/fullcalendar.global.js:5
[   43757ms] [WARNING] Unknown option 'weekNumberHeaderInnerClass' @ D:/AI/trae/siyuan-plugin-task-horizon/src/fullcalendar/fullcalendar.global.js:5
[   43757ms] [WARNING] Unknown option 'allDayHeaderClass' @ D:/AI/trae/siyuan-plugin-task-horizon/src/fullcalendar/fullcalendar.global.js:5
[   43757ms] [WARNING] Unknown option 'allDayHeaderInnerClass' @ D:/AI/trae/siyuan-plugin-task-horizon/src/fullcalendar/fullcalendar.global.js:5
[   43757ms] [WARNING] Unknown option 'allDayDividerClass' @ D:/AI/trae/siyuan-plugin-task-horizon/src/fullcalendar/fullcalendar.global.js:5
[   43757ms] [WARNING] Unknown option 'slotHeaderClass' @ D:/AI/trae/siyuan-plugin-task-horizon/src/fullcalendar/fullcalendar.global.js:5
[   43757ms] [WARNING] Unknown option 'slotHeaderInnerClass' @ D:/AI/trae/siyuan-plugin-task-horizon/src/fullcalendar/fullcalendar.global.js:5
[   43757ms] [WARNING] Unknown option 'slotHeaderDividerClass' @ D:/AI/trae/siyuan-plugin-task-horizon/src/fullcalendar/fullcalendar.global.js:5
[   43773ms] [WARNING] Unknown option 'listItemEventClass' @ D:/AI/trae/siyuan-plugin-task-horizon/src/fullcalendar/fullcalendar.global.js:5
[   43773ms] [WARNING] Unknown option 'listItemEventInnerClass' @ D:/AI/trae/siyuan-plugin-task-horizon/src/fullcalendar/fullcalendar.global.js:5
[   43773ms] [WARNING] Unknown option 'listItemEventTimeClass' @ D:/AI/trae/siyuan-plugin-task-horizon/src/fullcalendar/fullcalendar.global.js:5
[   43773ms] [WARNING] Unknown option 'listItemEventTitleClass' @ D:/AI/trae/siyuan-plugin-task-horizon/src/fullcalendar/fullcalendar.global.js:5
[   43773ms] [WARNING] Unknown option 'noEventsClass' @ D:/AI/trae/siyuan-plugin-task-horizon/src/fullcalendar/fullcalendar.global.js:5
[   43773ms] [WARNING] Unknown option 'noEventsInnerClass' @ D:/AI/trae/siyuan-plugin-task-horizon/src/fullcalendar/fullcalendar.global.js:5
[   86642ms] [WARNING] Unknown option 'className' @ D:/AI/trae/siyuan-plugin-task-horizon/src/fullcalendar/fullcalendar.global.js:5
[   86642ms] [WARNING] Unknown option 'viewClass' @ D:/AI/trae/siyuan-plugin-task-horizon/src/fullcalendar/fullcalendar.global.js:5
[   86642ms] [WARNING] Unknown option 'toolbarClass' @ D:/AI/trae/siyuan-plugin-task-horizon/src/fullcalendar/fullcalendar.global.js:5
[   86642ms] [WARNING] Unknown option 'headerToolbarClass' @ D:/AI/trae/siyuan-plugin-task-horizon/src/fullcalendar/fullcalendar.global.js:5
[   86642ms] [WARNING] Unknown option 'footerToolbarClass' @ D:/AI/trae/siyuan-plugin-task-horizon/src/fullcalendar/fullcalendar.global.js:5
[   86642ms] [WARNING] Unknown option 'toolbarSectionClass' @ D:/AI/trae/siyuan-plugin-task-horizon/src/fullcalendar/fullcalendar.global.js:5
[   86642ms] [WARNING] Unknown option 'toolbarTitleClass' @ D:/AI/trae/siyuan-plugin-task-horizon/src/fullcalendar/fullcalendar.global.js:5
[   86642ms] [WARNING] Unknown option 'buttonGroupClass' @ D:/AI/trae/siyuan-plugin-task-horizon/src/fullcalendar/fullcalendar.global.js:5
[   86642ms] [WARNING] Unknown option 'buttonClass' @ D:/AI/trae/siyuan-plugin-task-horizon/src/fullcalendar/fullcalendar.global.js:5
[   86642ms] [WARNING] Unknown option 'buttons' @ D:/AI/trae/siyuan-plugin-task-horizon/src/fullcalendar/fullcalendar.global.js:5
[   86642ms] [WARNING] Unknown option 'eventContrastColor' @ D:/AI/trae/siyuan-plugin-task-horizon/src/fullcalendar/fullcalendar.global.js:5
[   86642ms] [WARNING] Unknown option 'eventClass' @ D:/AI/trae/siyuan-plugin-task-horizon/src/fullcalendar/fullcalendar.global.js:5
[   86642ms] [WARNING] Unknown option 'backgroundEventColor' @ D:/AI/trae/siyuan-plugin-task-horizon/src/fullcalendar/fullcalendar.global.js:5
[   86642ms] [WARNING] Unknown option 'backgroundEventClass' @ D:/AI/trae/siyuan-plugin-task-horizon/src/fullcalendar/fullcalendar.global.js:5
[   86642ms] [WARNING] Unknown option 'backgroundEventTitleClass' @ D:/AI/trae/siyuan-plugin-task-horizon/src/fullcalendar/fullcalendar.global.js:5
[   86642ms] [WARNING] Unknown option 'listItemEventClass' @ D:/AI/trae/siyuan-plugin-task-horizon/src/fullcalendar/fullcalendar.global.js:5
[   86642ms] [WARNING] Unknown option 'listItemEventInnerClass' @ D:/AI/trae/siyuan-plugin-task-horizon/src/fullcalendar/fullcalendar.global.js:5
[   86642ms] [WARNING] Unknown option 'blockEventClass' @ D:/AI/trae/siyuan-plugin-task-horizon/src/fullcalendar/fullcalendar.global.js:5
[   86643ms] [WARNING] Unknown option 'blockEventTimeClass' @ D:/AI/trae/siyuan-plugin-task-horizon/src/fullcalendar/fullcalendar.global.js:5
[   86643ms] [WARNING] Unknown option 'blockEventTitleClass' @ D:/AI/trae/siyuan-plugin-task-horizon/src/fullcalendar/fullcalendar.global.js:5
[   86643ms] [WARNING] Unknown option 'rowEventClass' @ D:/AI/trae/siyuan-plugin-task-horizon/src/fullcalendar/fullcalendar.global.js:5
[   86643ms] [WARNING] Unknown option 'rowEventBeforeClass' @ D:/AI/trae/siyuan-plugin-task-horizon/src/fullcalendar/fullcalendar.global.js:5
[   86643ms] [WARNING] Unknown option 'rowEventAfterClass' @ D:/AI/trae/siyuan-plugin-task-horizon/src/fullcalendar/fullcalendar.global.js:5
[   86643ms] [WARNING] Unknown option 'rowEventInnerClass' @ D:/AI/trae/siyuan-plugin-task-horizon/src/fullcalendar/fullcalendar.global.js:5
[   86643ms] [WARNING] Unknown option 'rowEventTimeClass' @ D:/AI/trae/siyuan-plugin-task-horizon/src/fullcalendar/fullcalendar.global.js:5
[   86643ms] [WARNING] Unknown option 'rowEventTitleClass' @ D:/AI/trae/siyuan-plugin-task-horizon/src/fullcalendar/fullcalendar.global.js:5
[   86643ms] [WARNING] Unknown option 'columnEventClass' @ D:/AI/trae/siyuan-plugin-task-horizon/src/fullcalendar/fullcalendar.global.js:5
[   86643ms] [WARNING] Unknown option 'columnEventBeforeClass' @ D:/AI/trae/siyuan-plugin-task-horizon/src/fullcalendar/fullcalendar.global.js:5
[   86643ms] [WARNING] Unknown option 'columnEventAfterClass' @ D:/AI/trae/siyuan-plugin-task-horizon/src/fullcalendar/fullcalendar.global.js:5
[   86643ms] [WARNING] Unknown option 'columnEventInnerClass' @ D:/AI/trae/siyuan-plugin-task-horizon/src/fullcalendar/fullcalendar.global.js:5
[   86643ms] [WARNING] Unknown option 'columnEventTimeClass' @ D:/AI/trae/siyuan-plugin-task-horizon/src/fullcalendar/fullcalendar.global.js:5
[   86643ms] [WARNING] Unknown option 'columnEventTitleClass' @ D:/AI/trae/siyuan-plugin-task-horizon/src/fullcalendar/fullcalendar.global.js:5
[   86643ms] [WARNING] Unknown option 'moreLinkClass' @ D:/AI/trae/siyuan-plugin-task-horizon/src/fullcalendar/fullcalendar.global.js:5
[   86643ms] [WARNING] Unknown option 'moreLinkInnerClass' @ D:/AI/trae/siyuan-plugin-task-horizon/src/fullcalendar/fullcalendar.global.js:5
[   86643ms] [WARNING] Unknown option 'columnMoreLinkClass' @ D:/AI/trae/siyuan-plugin-task-horizon/src/fullcalendar/fullcalendar.global.js:5
[   86643ms] [WARNING] Unknown option 'columnMoreLinkInnerClass' @ D:/AI/trae/siyuan-plugin-task-horizon/src/fullcalendar/fullcalendar.global.js:5
[   86643ms] [WARNING] Unknown option 'dayHeaderAlign' @ D:/AI/trae/siyuan-plugin-task-horizon/src/fullcalendar/fullcalendar.global.js:5
[   86643ms] [WARNING] Unknown option 'dayHeaderClass' @ D:/AI/trae/siyuan-plugin-task-horizon/src/fullcalendar/fullcalendar.global.js:5
[   86643ms] [WARNING] Unknown option 'dayHeaderInnerClass' @ D:/AI/trae/siyuan-plugin-task-horizon/src/fullcalendar/fullcalendar.global.js:5
[   86643ms] [WARNING] Unknown option 'dayCellClass' @ D:/AI/trae/siyuan-plugin-task-horizon/src/fullcalendar/fullcalendar.global.js:5
[   86643ms] [WARNING] Unknown option 'dayCellTopClass' @ D:/AI/trae/siyuan-plugin-task-horizon/src/fullcalendar/fullcalendar.global.js:5
[   86643ms] [WARNING] Unknown option 'dayCellTopInnerClass' @ D:/AI/trae/siyuan-plugin-task-horizon/src/fullcalendar/fullcalendar.global.js:5
[   86643ms] [WARNING] Unknown option 'dayCellInnerClass' @ D:/AI/trae/siyuan-plugin-task-horizon/src/fullcalendar/fullcalendar.global.js:5
[   86643ms] [WARNING] Unknown option 'popoverFormat' @ D:/AI/trae/siyuan-plugin-task-horizon/src/fullcalendar/fullcalendar.global.js:5
[   86643ms] [WARNING] Unknown option 'popoverClass' @ D:/AI/trae/siyuan-plugin-task-horizon/src/fullcalendar/fullcalendar.global.js:5
[   86643ms] [WARNING] Unknown option 'popoverCloseClass' @ D:/AI/trae/siyuan-plugin-task-horizon/src/fullcalendar/fullcalendar.global.js:5
[   86643ms] [WARNING] Unknown option 'popoverCloseContent' @ D:/AI/trae/siyuan-plugin-task-horizon/src/fullcalendar/fullcalendar.global.js:5
[   86643ms] [WARNING] Unknown option 'dayLaneClass' @ D:/AI/trae/siyuan-plugin-task-horizon/src/fullcalendar/fullcalendar.global.js:5
[   86643ms] [WARNING] Unknown option 'dayLaneInnerClass' @ D:/AI/trae/siyuan-plugin-task-horizon/src/fullcalendar/fullcalendar.global.js:5
[   86643ms] [WARNING] Unknown option 'slotLaneClass' @ D:/AI/trae/siyuan-plugin-task-horizon/src/fullcalendar/fullcalendar.global.js:5
[   86643ms] [WARNING] Unknown option 'listDayClass' @ D:/AI/trae/siyuan-plugin-task-horizon/src/fullcalendar/fullcalendar.global.js:5
[   86643ms] [WARNING] Unknown option 'listDayHeaderClass' @ D:/AI/trae/siyuan-plugin-task-horizon/src/fullcalendar/fullcalendar.global.js:5
[   86644ms] [WARNING] Unknown option 'listDayHeaderInnerClass' @ D:/AI/trae/siyuan-plugin-task-horizon/src/fullcalendar/fullcalendar.global.js:5
[   86644ms] [WARNING] Unknown option 'listDayBodyClass' @ D:/AI/trae/siyuan-plugin-task-horizon/src/fullcalendar/fullcalendar.global.js:5
[   86644ms] [WARNING] Unknown option 'singleMonthClass' @ D:/AI/trae/siyuan-plugin-task-horizon/src/fullcalendar/fullcalendar.global.js:5
[   86644ms] [WARNING] Unknown option 'singleMonthHeaderClass' @ D:/AI/trae/siyuan-plugin-task-horizon/src/fullcalendar/fullcalendar.global.js:5
[   86644ms] [WARNING] Unknown option 'singleMonthHeaderInnerClass' @ D:/AI/trae/siyuan-plugin-task-horizon/src/fullcalendar/fullcalendar.global.js:5
[   86644ms] [WARNING] Unknown option 'tableHeaderClass' @ D:/AI/trae/siyuan-plugin-task-horizon/src/fullcalendar/fullcalendar.global.js:5
[   86644ms] [WARNING] Unknown option 'fillerClass' @ D:/AI/trae/siyuan-plugin-task-horizon/src/fullcalendar/fullcalendar.global.js:5
[   86644ms] [WARNING] Unknown option 'dayNarrowWidth' @ D:/AI/trae/siyuan-plugin-task-horizon/src/fullcalendar/fullcalendar.global.js:5
[   86644ms] [WARNING] Unknown option 'dayHeaderRowClass' @ D:/AI/trae/siyuan-plugin-task-horizon/src/fullcalendar/fullcalendar.global.js:5
[   86644ms] [WARNING] Unknown option 'dayRowClass' @ D:/AI/trae/siyuan-plugin-task-horizon/src/fullcalendar/fullcalendar.global.js:5
[   86644ms] [WARNING] Unknown option 'slotHeaderRowClass' @ D:/AI/trae/siyuan-plugin-task-horizon/src/fullcalendar/fullcalendar.global.js:5
[   86644ms] [WARNING] Unknown option 'slotHeaderClass' @ D:/AI/trae/siyuan-plugin-task-horizon/src/fullcalendar/fullcalendar.global.js:5
[   86644ms] [WARNING] Unknown option 'navLinkClass' @ D:/AI/trae/siyuan-plugin-task-horizon/src/fullcalendar/fullcalendar.global.js:5
[   86644ms] [WARNING] Unknown option 'inlineWeekNumberClass' @ D:/AI/trae/siyuan-plugin-task-horizon/src/fullcalendar/fullcalendar.global.js:5
[   86644ms] [WARNING] Unknown option 'nonBusinessHoursClass' @ D:/AI/trae/siyuan-plugin-task-horizon/src/fullcalendar/fullcalendar.global.js:5
[   86644ms] [WARNING] Unknown option 'highlightClass' @ D:/AI/trae/siyuan-plugin-task-horizon/src/fullcalendar/fullcalendar.global.js:5
[   86644ms] [WARNING] Unknown option 'nowIndicatorLineClass' @ D:/AI/trae/siyuan-plugin-task-horizon/src/fullcalendar/fullcalendar.global.js:5
[   86645ms] [WARNING] Unknown option 'nowIndicatorDotClass' @ D:/AI/trae/siyuan-plugin-task-horizon/src/fullcalendar/fullcalendar.global.js:5
[   86645ms] [WARNING] Unknown option 'resourceDayHeaderClass' @ D:/AI/trae/siyuan-plugin-task-horizon/src/fullcalendar/fullcalendar.global.js:5
[   86645ms] [WARNING] Unknown option 'resourceDayHeaderInnerClass' @ D:/AI/trae/siyuan-plugin-task-horizon/src/fullcalendar/fullcalendar.global.js:5
[   86645ms] [WARNING] Unknown option 'resourceColumnHeaderClass' @ D:/AI/trae/siyuan-plugin-task-horizon/src/fullcalendar/fullcalendar.global.js:5
[   86645ms] [WARNING] Unknown option 'resourceColumnHeaderInnerClass' @ D:/AI/trae/siyuan-plugin-task-horizon/src/fullcalendar/fullcalendar.global.js:5
[   86645ms] [WARNING] Unknown option 'resourceColumnResizerClass' @ D:/AI/trae/siyuan-plugin-task-horizon/src/fullcalendar/fullcalendar.global.js:5
[   86645ms] [WARNING] Unknown option 'resourceGroupHeaderClass' @ D:/AI/trae/siyuan-plugin-task-horizon/src/fullcalendar/fullcalendar.global.js:5
[   86645ms] [WARNING] Unknown option 'resourceGroupHeaderInnerClass' @ D:/AI/trae/siyuan-plugin-task-horizon/src/fullcalendar/fullcalendar.global.js:5
[   86645ms] [WARNING] Unknown option 'resourceCellClass' @ D:/AI/trae/siyuan-plugin-task-horizon/src/fullcalendar/fullcalendar.global.js:5
[   86645ms] [WARNING] Unknown option 'resourceCellInnerClass' @ D:/AI/trae/siyuan-plugin-task-horizon/src/fullcalendar/fullcalendar.global.js:5
[   86645ms] [WARNING] Unknown option 'resourceIndentClass' @ D:/AI/trae/siyuan-plugin-task-horizon/src/fullcalendar/fullcalendar.global.js:5
[   86645ms] [WARNING] Unknown option 'resourceExpanderClass' @ D:/AI/trae/siyuan-plugin-task-horizon/src/fullcalendar/fullcalendar.global.js:5
[   86645ms] [WARNING] Unknown option 'resourceExpanderContent' @ D:/AI/trae/siyuan-plugin-task-horizon/src/fullcalendar/fullcalendar.global.js:5
[   86645ms] [WARNING] Unknown option 'resourceHeaderRowClass' @ D:/AI/trae/siyuan-plugin-task-horizon/src/fullcalendar/fullcalendar.global.js:5
[   86645ms] [WARNING] Unknown option 'resourceRowClass' @ D:/AI/trae/siyuan-plugin-task-horizon/src/fullcalendar/fullcalendar.global.js:5
[   86645ms] [WARNING] Unknown option 'resourceColumnDividerClass' @ D:/AI/trae/siyuan-plugin-task-horizon/src/fullcalendar/fullcalendar.global.js:5
[   86645ms] [WARNING] Unknown option 'resourceGroupLaneClass' @ D:/AI/trae/siyuan-plugin-task-horizon/src/fullcalendar/fullcalendar.global.js:5
[   86645ms] [WARNING] Unknown option 'resourceLaneClass' @ D:/AI/trae/siyuan-plugin-task-horizon/src/fullcalendar/fullcalendar.global.js:5
[   86645ms] [WARNING] Unknown option 'resourceLaneBottomClass' @ D:/AI/trae/siyuan-plugin-task-horizon/src/fullcalendar/fullcalendar.global.js:5
[   86646ms] [WARNING] Unknown option 'timelineBottomClass' @ D:/AI/trae/siyuan-plugin-task-horizon/src/fullcalendar/fullcalendar.global.js:5
[   86647ms] [WARNING] Unknown option 'listItemEventClass' @ D:/AI/trae/siyuan-plugin-task-horizon/src/fullcalendar/fullcalendar.global.js:5
[   86647ms] [WARNING] Unknown option 'listItemEventBeforeClass' @ D:/AI/trae/siyuan-plugin-task-horizon/src/fullcalendar/fullcalendar.global.js:5
[   86647ms] [WARNING] Unknown option 'listItemEventInnerClass' @ D:/AI/trae/siyuan-plugin-task-horizon/src/fullcalendar/fullcalendar.global.js:5
[   86647ms] [WARNING] Unknown option 'listItemEventTimeClass' @ D:/AI/trae/siyuan-plugin-task-horizon/src/fullcalendar/fullcalendar.global.js:5
[   86647ms] [WARNING] Unknown option 'listItemEventTitleClass' @ D:/AI/trae/siyuan-plugin-task-horizon/src/fullcalendar/fullcalendar.global.js:5
[   86647ms] [WARNING] Unknown option 'rowEventClass' @ D:/AI/trae/siyuan-plugin-task-horizon/src/fullcalendar/fullcalendar.global.js:5
[   86647ms] [WARNING] Unknown option 'rowEventInnerClass' @ D:/AI/trae/siyuan-plugin-task-horizon/src/fullcalendar/fullcalendar.global.js:5
[   86647ms] [WARNING] Unknown option 'rowMoreLinkClass' @ D:/AI/trae/siyuan-plugin-task-horizon/src/fullcalendar/fullcalendar.global.js:5
[   86647ms] [WARNING] Unknown option 'rowMoreLinkInnerClass' @ D:/AI/trae/siyuan-plugin-task-horizon/src/fullcalendar/fullcalendar.global.js:5
[   86647ms] [WARNING] Unknown option 'dayHeaderDividerClass' @ D:/AI/trae/siyuan-plugin-task-horizon/src/fullcalendar/fullcalendar.global.js:5
[   86648ms] [WARNING] Unknown option 'dayCellBottomClass' @ D:/AI/trae/siyuan-plugin-task-horizon/src/fullcalendar/fullcalendar.global.js:5
[   86648ms] [WARNING] Unknown option 'backgroundEventInnerClass' @ D:/AI/trae/siyuan-plugin-task-horizon/src/fullcalendar/fullcalendar.global.js:5
[   86661ms] [WARNING] Unknown option 'dayCellBottomClass' @ D:/AI/trae/siyuan-plugin-task-horizon/src/fullcalendar/fullcalendar.global.js:5
[   86661ms] [WARNING] Unknown option 'dayHeaderAlign' @ D:/AI/trae/siyuan-plugin-task-horizon/src/fullcalendar/fullcalendar.global.js:5
[   86662ms] [WARNING] Unknown option 'weekNumberHeaderClass' @ D:/AI/trae/siyuan-plugin-task-horizon/src/fullcalendar/fullcalendar.global.js:5
[   86662ms] [WARNING] Unknown option 'weekNumberHeaderInnerClass' @ D:/AI/trae/siyuan-plugin-task-horizon/src/fullcalendar/fullcalendar.global.js:5
[   86662ms] [WARNING] Unknown option 'allDayHeaderClass' @ D:/AI/trae/siyuan-plugin-task-horizon/src/fullcalendar/fullcalendar.global.js:5
[   86662ms] [WARNING] Unknown option 'allDayHeaderInnerClass' @ D:/AI/trae/siyuan-plugin-task-horizon/src/fullcalendar/fullcalendar.global.js:5
[   86662ms] [WARNING] Unknown option 'allDayDividerClass' @ D:/AI/trae/siyuan-plugin-task-horizon/src/fullcalendar/fullcalendar.global.js:5
[   86662ms] [WARNING] Unknown option 'slotHeaderClass' @ D:/AI/trae/siyuan-plugin-task-horizon/src/fullcalendar/fullcalendar.global.js:5
[   86662ms] [WARNING] Unknown option 'slotHeaderInnerClass' @ D:/AI/trae/siyuan-plugin-task-horizon/src/fullcalendar/fullcalendar.global.js:5
[   86662ms] [WARNING] Unknown option 'slotHeaderDividerClass' @ D:/AI/trae/siyuan-plugin-task-horizon/src/fullcalendar/fullcalendar.global.js:5
[   86678ms] [WARNING] Unknown option 'listItemEventClass' @ D:/AI/trae/siyuan-plugin-task-horizon/src/fullcalendar/fullcalendar.global.js:5
[   86678ms] [WARNING] Unknown option 'listItemEventInnerClass' @ D:/AI/trae/siyuan-plugin-task-horizon/src/fullcalendar/fullcalendar.global.js:5
[   86678ms] [WARNING] Unknown option 'listItemEventTimeClass' @ D:/AI/trae/siyuan-plugin-task-horizon/src/fullcalendar/fullcalendar.global.js:5
[   86678ms] [WARNING] Unknown option 'listItemEventTitleClass' @ D:/AI/trae/siyuan-plugin-task-horizon/src/fullcalendar/fullcalendar.global.js:5
[   86678ms] [WARNING] Unknown option 'noEventsClass' @ D:/AI/trae/siyuan-plugin-task-horizon/src/fullcalendar/fullcalendar.global.js:5
[   86678ms] [WARNING] Unknown option 'noEventsInnerClass' @ D:/AI/trae/siyuan-plugin-task-horizon/src/fullcalendar/fullcalendar.global.js:5
